// Jest Snapshot v1, https://goo.gl/fbAQLP

exports[` Test in component <FirstApp/> This has make to match with the snapshot  1`] = `
<div>
  <h1
    data-testid="test-title"
  >
    Hola, soy Goku
  </h1>
  <p>
    Testing with Jest
  </p>
  <p>
    React 18
  </p>
</div>
`;
